// Jest Snapshot v1, https://goo.gl/fbAQLP

exports[`should render NotFoundScreen correctly 1`] = `
<styled.div>
  <styled.div>
    <h2>
      Sorry, this page does not exist ðŸ˜¥
    </h2>
    <Link
      to="/"
    >
      <p>
        Return home ðŸš€
      </p>
    </Link>
  </styled.div>
</styled.div>
`;
